0	micro/academic-cap.svg
1	micro/academic-cap.svg
2	micro/adjustments-horizontal.svg
3	micro/adjustments-horizontal.svg
4	micro/adjustments-vertical.svg
5	micro/adjustments-vertical.svg
6	micro/archive-box-arrow-down.svg
7	micro/archive-box-arrow-down.svg
8	micro/archive-box-x-mark.svg
9	micro/archive-box-x-mark.svg
10	micro/archive-box.svg
11	micro/archive-box.svg
12	micro/arrow-down-circle.svg
13	micro/arrow-down-circle.svg
14	micro/arrow-down-left.svg
15	micro/arrow-down-left.svg
16	micro/arrow-down-on-square-stack.svg
17	micro/arrow-down-on-square-stack.svg
18	micro/arrow-down-on-square.svg
19	micro/arrow-down-on-square.svg
20	micro/arrow-down-right.svg
21	micro/arrow-down-right.svg
22	micro/arrow-down-tray.svg
23	micro/arrow-down-tray.svg
24	micro/arrow-down.svg
25	micro/arrow-down.svg
26	micro/arrow-left-circle.svg
27	micro/arrow-left-circle.svg
28	micro/arrow-left-end-on-rectangle.svg
29	micro/arrow-left-end-on-rectangle.svg
30	micro/arrow-left-start-on-rectangle.svg
31	micro/arrow-left-start-on-rectangle.svg
32	micro/arrow-left.svg
33	micro/arrow-left.svg
34	micro/arrow-long-down.svg
35	micro/arrow-long-down.svg
36	micro/arrow-long-left.svg
37	micro/arrow-long-left.svg
38	micro/arrow-long-right.svg
39	micro/arrow-long-right.svg
40	micro/arrow-long-up.svg
41	micro/arrow-long-up.svg
42	micro/arrow-path-rounded-square.svg
43	micro/arrow-path-rounded-square.svg
44	micro/arrow-path.svg
45	micro/arrow-path.svg
46	micro/arrow-right-circle.svg
47	micro/arrow-right-circle.svg
48	micro/arrow-right-end-on-rectangle.svg
49	micro/arrow-right-end-on-rectangle.svg
50	micro/arrow-right-start-on-rectangle.svg
51	micro/arrow-right-start-on-rectangle.svg
52	micro/arrow-right.svg
53	micro/arrow-right.svg
54	micro/arrow-top-right-on-square.svg
55	micro/arrow-top-right-on-square.svg
56	micro/arrow-trending-down.svg
57	micro/arrow-trending-down.svg
58	micro/arrow-trending-up.svg
59	micro/arrow-trending-up.svg
60	micro/arrow-turn-down-left.svg
61	micro/arrow-turn-down-left.svg
62	micro/arrow-turn-down-right.svg
63	micro/arrow-turn-down-right.svg
64	micro/arrow-turn-left-down.svg
65	micro/arrow-turn-left-down.svg
66	micro/arrow-turn-left-up.svg
67	micro/arrow-turn-left-up.svg
68	micro/arrow-turn-right-down.svg
69	micro/arrow-turn-right-down.svg
70	micro/arrow-turn-right-up.svg
71	micro/arrow-turn-right-up.svg
72	micro/arrow-turn-up-left.svg
73	micro/arrow-turn-up-left.svg
74	micro/arrow-turn-up-right.svg
75	micro/arrow-turn-up-right.svg
76	micro/arrow-up-circle.svg
77	micro/arrow-up-circle.svg
78	micro/arrow-up-left.svg
79	micro/arrow-up-left.svg
80	micro/arrow-up-on-square-stack.svg
81	micro/arrow-up-on-square-stack.svg
82	micro/arrow-up-on-square.svg
83	micro/arrow-up-on-square.svg
84	micro/arrow-up-right.svg
85	micro/arrow-up-right.svg
86	micro/arrow-up-tray.svg
87	micro/arrow-up-tray.svg
88	micro/arrow-up.svg
89	micro/arrow-up.svg
90	micro/arrow-uturn-down.svg
91	micro/arrow-uturn-down.svg
92	micro/arrow-uturn-left.svg
93	micro/arrow-uturn-left.svg
94	micro/arrow-uturn-right.svg
95	micro/arrow-uturn-right.svg
96	micro/arrow-uturn-up.svg
97	micro/arrow-uturn-up.svg
98	micro/arrows-pointing-in.svg
99	micro/arrows-pointing-in.svg
100	micro/arrows-pointing-out.svg
101	micro/arrows-pointing-out.svg
102	micro/arrows-right-left.svg
103	micro/arrows-right-left.svg
104	micro/arrows-up-down.svg
105	micro/arrows-up-down.svg
106	micro/at-symbol.svg
107	micro/at-symbol.svg
108	micro/backspace.svg
109	micro/backspace.svg
110	micro/backward.svg
111	micro/backward.svg
112	micro/banknotes.svg
113	micro/banknotes.svg
114	micro/bars-2.svg
115	micro/bars-2.svg
116	micro/bars-3-bottom-left.svg
117	micro/bars-3-bottom-left.svg
118	micro/bars-3-bottom-right.svg
119	micro/bars-3-bottom-right.svg
120	micro/bars-3-center-left.svg
121	micro/bars-3-center-left.svg
122	micro/bars-3.svg
123	micro/bars-3.svg
124	micro/bars-4.svg
125	micro/bars-4.svg
126	micro/bars-arrow-down.svg
127	micro/bars-arrow-down.svg
128	micro/bars-arrow-up.svg
129	micro/bars-arrow-up.svg
130	micro/battery-0.svg
131	micro/battery-0.svg
132	micro/battery-100.svg
133	micro/battery-100.svg
134	micro/battery-50.svg
135	micro/battery-50.svg
136	micro/beaker.svg
137	micro/beaker.svg
138	micro/bell-alert.svg
139	micro/bell-alert.svg
140	micro/bell-slash.svg
141	micro/bell-slash.svg
142	micro/bell-snooze.svg
143	micro/bell-snooze.svg
144	micro/bell.svg
145	micro/bell.svg
146	micro/bold.svg
147	micro/bold.svg
148	micro/bolt-slash.svg
149	micro/bolt-slash.svg
150	micro/bolt.svg
151	micro/bolt.svg
152	micro/book-open.svg
153	micro/book-open.svg
154	micro/bookmark-slash.svg
155	micro/bookmark-slash.svg
156	micro/bookmark-square.svg
157	micro/bookmark-square.svg
158	micro/bookmark.svg
159	micro/bookmark.svg
160	micro/briefcase.svg
161	micro/briefcase.svg
162	micro/bug-ant.svg
163	micro/bug-ant.svg
164	micro/building-library.svg
165	micro/building-library.svg
166	micro/building-office-2.svg
167	micro/building-office-2.svg
168	micro/building-office.svg
169	micro/building-office.svg
170	micro/building-storefront.svg
171	micro/building-storefront.svg
172	micro/cake.svg
173	micro/cake.svg
174	micro/calculator.svg
175	micro/calculator.svg
176	micro/calendar-date-range.svg
177	micro/calendar-date-range.svg
178	micro/calendar-days.svg
179	micro/calendar-days.svg
180	micro/calendar.svg
181	micro/calendar.svg
182	micro/camera.svg
183	micro/camera.svg
184	micro/chart-bar-square.svg
185	micro/chart-bar-square.svg
186	micro/chart-bar.svg
187	micro/chart-bar.svg
188	micro/chart-pie.svg
189	micro/chart-pie.svg
190	micro/chat-bubble-bottom-center-text.svg
191	micro/chat-bubble-bottom-center-text.svg
192	micro/chat-bubble-bottom-center.svg
193	micro/chat-bubble-bottom-center.svg
194	micro/chat-bubble-left-ellipsis.svg
195	micro/chat-bubble-left-ellipsis.svg
196	micro/chat-bubble-left-right.svg
197	micro/chat-bubble-left-right.svg
198	micro/chat-bubble-left.svg
199	micro/chat-bubble-left.svg
200	micro/chat-bubble-oval-left-ellipsis.svg
201	micro/chat-bubble-oval-left-ellipsis.svg
202	micro/chat-bubble-oval-left.svg
203	micro/chat-bubble-oval-left.svg
204	micro/check-badge.svg
205	micro/check-badge.svg
206	micro/check-circle.svg
207	micro/check-circle.svg
208	micro/check.svg
209	micro/check.svg
210	micro/chevron-double-down.svg
211	micro/chevron-double-down.svg
212	micro/chevron-double-left.svg
213	micro/chevron-double-left.svg
214	micro/chevron-double-right.svg
215	micro/chevron-double-right.svg
216	micro/chevron-double-up.svg
217	micro/chevron-double-up.svg
218	micro/chevron-down.svg
219	micro/chevron-down.svg
220	micro/chevron-left.svg
221	micro/chevron-left.svg
222	micro/chevron-right.svg
223	micro/chevron-right.svg
224	micro/chevron-up-down.svg
225	micro/chevron-up-down.svg
226	micro/chevron-up.svg
227	micro/chevron-up.svg
228	micro/circle-stack.svg
229	micro/circle-stack.svg
230	micro/clipboard-document-check.svg
231	micro/clipboard-document-check.svg
232	micro/clipboard-document-list.svg
233	micro/clipboard-document-list.svg
234	micro/clipboard-document.svg
235	micro/clipboard-document.svg
236	micro/clipboard.svg
237	micro/clipboard.svg
238	micro/clock.svg
239	micro/clock.svg
240	micro/cloud-arrow-down.svg
241	micro/cloud-arrow-down.svg
242	micro/cloud-arrow-up.svg
243	micro/cloud-arrow-up.svg
244	micro/cloud.svg
245	micro/cloud.svg
246	micro/code-bracket-square.svg
247	micro/code-bracket-square.svg
248	micro/code-bracket.svg
249	micro/code-bracket.svg
250	micro/cog-6-tooth.svg
251	micro/cog-6-tooth.svg
252	micro/cog-8-tooth.svg
253	micro/cog-8-tooth.svg
254	micro/cog.svg
255	micro/cog.svg
256	micro/command-line.svg
257	micro/command-line.svg
258	micro/computer-desktop.svg
259	micro/computer-desktop.svg
260	micro/cpu-chip.svg
261	micro/cpu-chip.svg
262	micro/credit-card.svg
263	micro/credit-card.svg
264	micro/cube-transparent.svg
265	micro/cube-transparent.svg
266	micro/cube.svg
267	micro/cube.svg
268	micro/currency-bangladeshi.svg
269	micro/currency-bangladeshi.svg
270	micro/currency-dollar.svg
271	micro/currency-dollar.svg
272	micro/currency-euro.svg
273	micro/currency-euro.svg
274	micro/currency-pound.svg
275	micro/currency-pound.svg
276	micro/currency-rupee.svg
277	micro/currency-rupee.svg
278	micro/currency-yen.svg
279	micro/currency-yen.svg
280	micro/cursor-arrow-rays.svg
281	micro/cursor-arrow-rays.svg
282	micro/cursor-arrow-ripple.svg
283	micro/cursor-arrow-ripple.svg
284	micro/device-phone-mobile.svg
285	micro/device-phone-mobile.svg
286	micro/device-tablet.svg
287	micro/device-tablet.svg
288	micro/divide.svg
289	micro/divide.svg
290	micro/document-arrow-down.svg
291	micro/document-arrow-down.svg
292	micro/document-arrow-up.svg
293	micro/document-arrow-up.svg
294	micro/document-chart-bar.svg
295	micro/document-chart-bar.svg
296	micro/document-check.svg
297	micro/document-check.svg
298	micro/document-currency-bangladeshi.svg
299	micro/document-currency-bangladeshi.svg
300	micro/document-currency-dollar.svg
301	micro/document-currency-dollar.svg
302	micro/document-currency-euro.svg
303	micro/document-currency-euro.svg
304	micro/document-currency-pound.svg
305	micro/document-currency-pound.svg
306	micro/document-currency-rupee.svg
307	micro/document-currency-rupee.svg
308	micro/document-currency-yen.svg
309	micro/document-currency-yen.svg
310	micro/document-duplicate.svg
311	micro/document-duplicate.svg
312	micro/document-magnifying-glass.svg
313	micro/document-magnifying-glass.svg
314	micro/document-minus.svg
315	micro/document-minus.svg
316	micro/document-plus.svg
317	micro/document-plus.svg
318	micro/document-text.svg
319	micro/document-text.svg
320	micro/document.svg
321	micro/document.svg
322	micro/ellipsis-horizontal-circle.svg
323	micro/ellipsis-horizontal-circle.svg
324	micro/ellipsis-horizontal.svg
325	micro/ellipsis-horizontal.svg
326	micro/ellipsis-vertical.svg
327	micro/ellipsis-vertical.svg
328	micro/envelope-open.svg
329	micro/envelope-open.svg
330	micro/envelope.svg
331	micro/envelope.svg
332	micro/equals.svg
333	micro/equals.svg
334	micro/exclamation-circle.svg
335	micro/exclamation-circle.svg
336	micro/exclamation-triangle.svg
337	micro/exclamation-triangle.svg
338	micro/eye-dropper.svg
339	micro/eye-dropper.svg
340	micro/eye-slash.svg
341	micro/eye-slash.svg
342	micro/eye.svg
343	micro/eye.svg
344	micro/face-frown.svg
345	micro/face-frown.svg
346	micro/face-smile.svg
347	micro/face-smile.svg
348	micro/film.svg
349	micro/film.svg
350	micro/finger-print.svg
351	micro/finger-print.svg
352	micro/fire.svg
353	micro/fire.svg
354	micro/flag.svg
355	micro/flag.svg
356	micro/folder-arrow-down.svg
357	micro/folder-arrow-down.svg
358	micro/folder-minus.svg
359	micro/folder-minus.svg
360	micro/folder-open.svg
361	micro/folder-open.svg
362	micro/folder-plus.svg
363	micro/folder-plus.svg
364	micro/folder.svg
365	micro/folder.svg
366	micro/forward.svg
367	micro/forward.svg
368	micro/funnel.svg
369	micro/funnel.svg
370	micro/gif.svg
371	micro/gif.svg
372	micro/gift-top.svg
373	micro/gift-top.svg
374	micro/gift.svg
375	micro/gift.svg
376	micro/globe-alt.svg
377	micro/globe-alt.svg
378	micro/globe-americas.svg
379	micro/globe-americas.svg
380	micro/globe-asia-australia.svg
381	micro/globe-asia-australia.svg
382	micro/globe-europe-africa.svg
383	micro/globe-europe-africa.svg
384	micro/h1.svg
385	micro/h1.svg
386	micro/h2.svg
387	micro/h2.svg
388	micro/h3.svg
389	micro/h3.svg
390	micro/hand-raised.svg
391	micro/hand-raised.svg
392	micro/hand-thumb-down.svg
393	micro/hand-thumb-down.svg
394	micro/hand-thumb-up.svg
395	micro/hand-thumb-up.svg
396	micro/hashtag.svg
397	micro/hashtag.svg
398	micro/heart.svg
399	micro/heart.svg
400	micro/home-modern.svg
401	micro/home-modern.svg
402	micro/home.svg
403	micro/home.svg
404	micro/identification.svg
405	micro/identification.svg
406	micro/inbox-arrow-down.svg
407	micro/inbox-arrow-down.svg
408	micro/inbox-stack.svg
409	micro/inbox-stack.svg
410	micro/inbox.svg
411	micro/inbox.svg
412	micro/information-circle.svg
413	micro/information-circle.svg
414	micro/italic.svg
415	micro/italic.svg
416	micro/key.svg
417	micro/key.svg
418	micro/language.svg
419	micro/language.svg
420	micro/lifebuoy.svg
421	micro/lifebuoy.svg
422	micro/light-bulb.svg
423	micro/light-bulb.svg
424	micro/link-slash.svg
425	micro/link-slash.svg
426	micro/link.svg
427	micro/link.svg
428	micro/list-bullet.svg
429	micro/list-bullet.svg
430	micro/lock-closed.svg
431	micro/lock-closed.svg
432	micro/lock-open.svg
433	micro/lock-open.svg
434	micro/magnifying-glass-circle.svg
435	micro/magnifying-glass-circle.svg
436	micro/magnifying-glass-minus.svg
437	micro/magnifying-glass-minus.svg
438	micro/magnifying-glass-plus.svg
439	micro/magnifying-glass-plus.svg
440	micro/magnifying-glass.svg
441	micro/magnifying-glass.svg
442	micro/map-pin.svg
443	micro/map-pin.svg
444	micro/map.svg
445	micro/map.svg
446	micro/megaphone.svg
447	micro/megaphone.svg
448	micro/microphone.svg
449	micro/microphone.svg
450	micro/minus-circle.svg
451	micro/minus-circle.svg
452	micro/minus.svg
453	micro/minus.svg
454	micro/moon.svg
455	micro/moon.svg
456	micro/musical-note.svg
457	micro/musical-note.svg
458	micro/newspaper.svg
459	micro/newspaper.svg
460	micro/no-symbol.svg
461	micro/no-symbol.svg
462	micro/numbered-list.svg
463	micro/numbered-list.svg
464	micro/paint-brush.svg
465	micro/paint-brush.svg
466	micro/paper-airplane.svg
467	micro/paper-airplane.svg
468	micro/paper-clip.svg
469	micro/paper-clip.svg
470	micro/pause-circle.svg
471	micro/pause-circle.svg
472	micro/pause.svg
473	micro/pause.svg
474	micro/pencil-square.svg
475	micro/pencil-square.svg
476	micro/pencil.svg
477	micro/pencil.svg
478	micro/percent-badge.svg
479	micro/percent-badge.svg
480	micro/phone-arrow-down-left.svg
481	micro/phone-arrow-down-left.svg
482	micro/phone-arrow-up-right.svg
483	micro/phone-arrow-up-right.svg
484	micro/phone-x-mark.svg
485	micro/phone-x-mark.svg
486	micro/phone.svg
487	micro/phone.svg
488	micro/photo.svg
489	micro/photo.svg
490	micro/play-circle.svg
491	micro/play-circle.svg
492	micro/play-pause.svg
493	micro/play-pause.svg
494	micro/play.svg
495	micro/play.svg
496	micro/plus-circle.svg
497	micro/plus-circle.svg
498	micro/plus.svg
499	micro/plus.svg
500	micro/power.svg
501	micro/power.svg
502	micro/presentation-chart-bar.svg
503	micro/presentation-chart-bar.svg
504	micro/presentation-chart-line.svg
505	micro/presentation-chart-line.svg
506	micro/printer.svg
507	micro/printer.svg
508	micro/puzzle-piece.svg
509	micro/puzzle-piece.svg
510	micro/qr-code.svg
511	micro/qr-code.svg
512	micro/question-mark-circle.svg
513	micro/question-mark-circle.svg
514	micro/queue-list.svg
515	micro/queue-list.svg
516	micro/radio.svg
517	micro/radio.svg
518	micro/receipt-percent.svg
519	micro/receipt-percent.svg
520	micro/receipt-refund.svg
521	micro/receipt-refund.svg
522	micro/rectangle-group.svg
523	micro/rectangle-group.svg
524	micro/rectangle-stack.svg
525	micro/rectangle-stack.svg
526	micro/rocket-launch.svg
527	micro/rocket-launch.svg
528	micro/rss.svg
529	micro/rss.svg
530	micro/scale.svg
531	micro/scale.svg
532	micro/scissors.svg
533	micro/scissors.svg
534	micro/server-stack.svg
535	micro/server-stack.svg
536	micro/server.svg
537	micro/server.svg
538	micro/share.svg
539	micro/share.svg
540	micro/shield-check.svg
541	micro/shield-check.svg
542	micro/shield-exclamation.svg
543	micro/shield-exclamation.svg
544	micro/shopping-bag.svg
545	micro/shopping-bag.svg
546	micro/shopping-cart.svg
547	micro/shopping-cart.svg
548	micro/signal-slash.svg
549	micro/signal-slash.svg
550	micro/signal.svg
551	micro/signal.svg
552	micro/slash.svg
553	micro/slash.svg
554	micro/sparkles.svg
555	micro/sparkles.svg
556	micro/speaker-wave.svg
557	micro/speaker-wave.svg
558	micro/speaker-x-mark.svg
559	micro/speaker-x-mark.svg
560	micro/square-2-stack.svg
561	micro/square-2-stack.svg
562	micro/square-3-stack-3d.svg
563	micro/square-3-stack-3d.svg
564	micro/squares-2x2.svg
565	micro/squares-2x2.svg
566	micro/squares-plus.svg
567	micro/squares-plus.svg
568	micro/star.svg
569	micro/star.svg
570	micro/stop-circle.svg
571	micro/stop-circle.svg
572	micro/stop.svg
573	micro/stop.svg
574	micro/strikethrough.svg
575	micro/strikethrough.svg
576	micro/sun.svg
577	micro/sun.svg
578	micro/swatch.svg
579	micro/swatch.svg
580	micro/table-cells.svg
581	micro/table-cells.svg
582	micro/tag.svg
583	micro/tag.svg
584	micro/ticket.svg
585	micro/ticket.svg
586	micro/trash.svg
587	micro/trash.svg
588	micro/trophy.svg
589	micro/trophy.svg
590	micro/truck.svg
591	micro/truck.svg
592	micro/tv.svg
593	micro/tv.svg
594	micro/underline.svg
595	micro/underline.svg
596	micro/user-circle.svg
597	micro/user-circle.svg
598	micro/user-group.svg
599	micro/user-group.svg
600	micro/user-minus.svg
601	micro/user-minus.svg
602	micro/user-plus.svg
603	micro/user-plus.svg
604	micro/user.svg
605	micro/user.svg
606	micro/users.svg
607	micro/users.svg
608	micro/variable.svg
609	micro/variable.svg
610	micro/video-camera-slash.svg
611	micro/video-camera-slash.svg
612	micro/video-camera.svg
613	micro/video-camera.svg
614	micro/view-columns.svg
615	micro/view-columns.svg
616	micro/viewfinder-circle.svg
617	micro/viewfinder-circle.svg
618	micro/wallet.svg
619	micro/wallet.svg
620	micro/wifi.svg
621	micro/wifi.svg
622	micro/window.svg
623	micro/window.svg
624	micro/wrench-screwdriver.svg
625	micro/wrench-screwdriver.svg
626	micro/wrench.svg
627	micro/wrench.svg
628	micro/x-circle.svg
629	micro/x-circle.svg
630	micro/x-mark.svg
631	micro/x-mark.svg
632	mini/academic-cap.svg
633	mini/academic-cap.svg
634	mini/adjustments-horizontal.svg
635	mini/adjustments-horizontal.svg
636	mini/adjustments-vertical.svg
637	mini/adjustments-vertical.svg
638	mini/archive-box-arrow-down.svg
639	mini/archive-box-arrow-down.svg
640	mini/archive-box-x-mark.svg
641	mini/archive-box-x-mark.svg
642	mini/archive-box.svg
643	mini/archive-box.svg
644	mini/arrow-down-circle.svg
645	mini/arrow-down-circle.svg
646	mini/arrow-down-left.svg
647	mini/arrow-down-left.svg
648	mini/arrow-down-on-square-stack.svg
649	mini/arrow-down-on-square-stack.svg
650	mini/arrow-down-on-square.svg
651	mini/arrow-down-on-square.svg
652	mini/arrow-down-right.svg
653	mini/arrow-down-right.svg
654	mini/arrow-down-tray.svg
655	mini/arrow-down-tray.svg
656	mini/arrow-down.svg
657	mini/arrow-down.svg
658	mini/arrow-left-circle.svg
659	mini/arrow-left-circle.svg
660	mini/arrow-left-end-on-rectangle.svg
661	mini/arrow-left-end-on-rectangle.svg
662	mini/arrow-left-on-rectangle.svg
663	mini/arrow-left-on-rectangle.svg
664	mini/arrow-left-start-on-rectangle.svg
665	mini/arrow-left-start-on-rectangle.svg
666	mini/arrow-left.svg
667	mini/arrow-left.svg
668	mini/arrow-long-down.svg
669	mini/arrow-long-down.svg
670	mini/arrow-long-left.svg
671	mini/arrow-long-left.svg
672	mini/arrow-long-right.svg
673	mini/arrow-long-right.svg
674	mini/arrow-long-up.svg
675	mini/arrow-long-up.svg
676	mini/arrow-path-rounded-square.svg
677	mini/arrow-path-rounded-square.svg
678	mini/arrow-path.svg
679	mini/arrow-path.svg
680	mini/arrow-right-circle.svg
681	mini/arrow-right-circle.svg
682	mini/arrow-right-end-on-rectangle.svg
683	mini/arrow-right-end-on-rectangle.svg
684	mini/arrow-right-on-rectangle.svg
685	mini/arrow-right-on-rectangle.svg
686	mini/arrow-right-start-on-rectangle.svg
687	mini/arrow-right-start-on-rectangle.svg
688	mini/arrow-right.svg
689	mini/arrow-right.svg
690	mini/arrow-small-down.svg
691	mini/arrow-small-down.svg
692	mini/arrow-small-left.svg
693	mini/arrow-small-left.svg
694	mini/arrow-small-right.svg
695	mini/arrow-small-right.svg
696	mini/arrow-small-up.svg
697	mini/arrow-small-up.svg
698	mini/arrow-top-right-on-square.svg
699	mini/arrow-top-right-on-square.svg
700	mini/arrow-trending-down.svg
701	mini/arrow-trending-down.svg
702	mini/arrow-trending-up.svg
703	mini/arrow-trending-up.svg
704	mini/arrow-turn-down-left.svg
705	mini/arrow-turn-down-left.svg
706	mini/arrow-turn-down-right.svg
707	mini/arrow-turn-down-right.svg
708	mini/arrow-turn-left-down.svg
709	mini/arrow-turn-left-down.svg
710	mini/arrow-turn-left-up.svg
711	mini/arrow-turn-left-up.svg
712	mini/arrow-turn-right-down.svg
713	mini/arrow-turn-right-down.svg
714	mini/arrow-turn-right-up.svg
715	mini/arrow-turn-right-up.svg
716	mini/arrow-turn-up-left.svg
717	mini/arrow-turn-up-left.svg
718	mini/arrow-turn-up-right.svg
719	mini/arrow-turn-up-right.svg
720	mini/arrow-up-circle.svg
721	mini/arrow-up-circle.svg
722	mini/arrow-up-left.svg
723	mini/arrow-up-left.svg
724	mini/arrow-up-on-square-stack.svg
725	mini/arrow-up-on-square-stack.svg
726	mini/arrow-up-on-square.svg
727	mini/arrow-up-on-square.svg
728	mini/arrow-up-right.svg
729	mini/arrow-up-right.svg
730	mini/arrow-up-tray.svg
731	mini/arrow-up-tray.svg
732	mini/arrow-up.svg
733	mini/arrow-up.svg
734	mini/arrow-uturn-down.svg
735	mini/arrow-uturn-down.svg
736	mini/arrow-uturn-left.svg
737	mini/arrow-uturn-left.svg
738	mini/arrow-uturn-right.svg
739	mini/arrow-uturn-right.svg
740	mini/arrow-uturn-up.svg
741	mini/arrow-uturn-up.svg
742	mini/arrows-pointing-in.svg
743	mini/arrows-pointing-in.svg
744	mini/arrows-pointing-out.svg
745	mini/arrows-pointing-out.svg
746	mini/arrows-right-left.svg
747	mini/arrows-right-left.svg
748	mini/arrows-up-down.svg
749	mini/arrows-up-down.svg
750	mini/at-symbol.svg
751	mini/at-symbol.svg
752	mini/backspace.svg
753	mini/backspace.svg
754	mini/backward.svg
755	mini/backward.svg
756	mini/banknotes.svg
757	mini/banknotes.svg
758	mini/bars-2.svg
759	mini/bars-2.svg
760	mini/bars-3-bottom-left.svg
761	mini/bars-3-bottom-left.svg
762	mini/bars-3-bottom-right.svg
763	mini/bars-3-bottom-right.svg
764	mini/bars-3-center-left.svg
765	mini/bars-3-center-left.svg
766	mini/bars-3.svg
767	mini/bars-3.svg
768	mini/bars-4.svg
769	mini/bars-4.svg
770	mini/bars-arrow-down.svg
771	mini/bars-arrow-down.svg
772	mini/bars-arrow-up.svg
773	mini/bars-arrow-up.svg
774	mini/battery-0.svg
775	mini/battery-0.svg
776	mini/battery-100.svg
777	mini/battery-100.svg
778	mini/battery-50.svg
779	mini/battery-50.svg
780	mini/beaker.svg
781	mini/beaker.svg
782	mini/bell-alert.svg
783	mini/bell-alert.svg
784	mini/bell-slash.svg
785	mini/bell-slash.svg
786	mini/bell-snooze.svg
787	mini/bell-snooze.svg
788	mini/bell.svg
789	mini/bell.svg
790	mini/bold.svg
791	mini/bold.svg
792	mini/bolt-slash.svg
793	mini/bolt-slash.svg
794	mini/bolt.svg
795	mini/bolt.svg
796	mini/book-open.svg
797	mini/book-open.svg
798	mini/bookmark-slash.svg
799	mini/bookmark-slash.svg
800	mini/bookmark-square.svg
801	mini/bookmark-square.svg
802	mini/bookmark.svg
803	mini/bookmark.svg
804	mini/briefcase.svg
805	mini/briefcase.svg
806	mini/bug-ant.svg
807	mini/bug-ant.svg
808	mini/building-library.svg
809	mini/building-library.svg
810	mini/building-office-2.svg
811	mini/building-office-2.svg
812	mini/building-office.svg
813	mini/building-office.svg
814	mini/building-storefront.svg
815	mini/building-storefront.svg
816	mini/cake.svg
817	mini/cake.svg
818	mini/calculator.svg
819	mini/calculator.svg
820	mini/calendar-date-range.svg
821	mini/calendar-date-range.svg
822	mini/calendar-days.svg
823	mini/calendar-days.svg
824	mini/calendar.svg
825	mini/calendar.svg
826	mini/camera.svg
827	mini/camera.svg
828	mini/chart-bar-square.svg
829	mini/chart-bar-square.svg
830	mini/chart-bar.svg
831	mini/chart-bar.svg
832	mini/chart-pie.svg
833	mini/chart-pie.svg
834	mini/chat-bubble-bottom-center-text.svg
835	mini/chat-bubble-bottom-center-text.svg
836	mini/chat-bubble-bottom-center.svg
837	mini/chat-bubble-bottom-center.svg
838	mini/chat-bubble-left-ellipsis.svg
839	mini/chat-bubble-left-ellipsis.svg
840	mini/chat-bubble-left-right.svg
841	mini/chat-bubble-left-right.svg
842	mini/chat-bubble-left.svg
843	mini/chat-bubble-left.svg
844	mini/chat-bubble-oval-left-ellipsis.svg
845	mini/chat-bubble-oval-left-ellipsis.svg
846	mini/chat-bubble-oval-left.svg
847	mini/chat-bubble-oval-left.svg
848	mini/check-badge.svg
849	mini/check-badge.svg
850	mini/check-circle.svg
851	mini/check-circle.svg
852	mini/check.svg
853	mini/check.svg
854	mini/chevron-double-down.svg
855	mini/chevron-double-down.svg
856	mini/chevron-double-left.svg
857	mini/chevron-double-left.svg
858	mini/chevron-double-right.svg
859	mini/chevron-double-right.svg
860	mini/chevron-double-up.svg
861	mini/chevron-double-up.svg
862	mini/chevron-down.svg
863	mini/chevron-down.svg
864	mini/chevron-left.svg
865	mini/chevron-left.svg
866	mini/chevron-right.svg
867	mini/chevron-right.svg
868	mini/chevron-up-down.svg
869	mini/chevron-up-down.svg
870	mini/chevron-up.svg
871	mini/chevron-up.svg
872	mini/circle-stack.svg
873	mini/circle-stack.svg
874	mini/clipboard-document-check.svg
875	mini/clipboard-document-check.svg
876	mini/clipboard-document-list.svg
877	mini/clipboard-document-list.svg
878	mini/clipboard-document.svg
879	mini/clipboard-document.svg
880	mini/clipboard.svg
881	mini/clipboard.svg
882	mini/clock.svg
883	mini/clock.svg
884	mini/cloud-arrow-down.svg
885	mini/cloud-arrow-down.svg
886	mini/cloud-arrow-up.svg
887	mini/cloud-arrow-up.svg
888	mini/cloud.svg
889	mini/cloud.svg
890	mini/code-bracket-square.svg
891	mini/code-bracket-square.svg
892	mini/code-bracket.svg
893	mini/code-bracket.svg
894	mini/cog-6-tooth.svg
895	mini/cog-6-tooth.svg
896	mini/cog-8-tooth.svg
897	mini/cog-8-tooth.svg
898	mini/cog.svg
899	mini/cog.svg
900	mini/command-line.svg
901	mini/command-line.svg
902	mini/computer-desktop.svg
903	mini/computer-desktop.svg
904	mini/cpu-chip.svg
905	mini/cpu-chip.svg
906	mini/credit-card.svg
907	mini/credit-card.svg
908	mini/cube-transparent.svg
909	mini/cube-transparent.svg
910	mini/cube.svg
911	mini/cube.svg
912	mini/currency-bangladeshi.svg
913	mini/currency-bangladeshi.svg
914	mini/currency-dollar.svg
915	mini/currency-dollar.svg
916	mini/currency-euro.svg
917	mini/currency-euro.svg
918	mini/currency-pound.svg
919	mini/currency-pound.svg
920	mini/currency-rupee.svg
921	mini/currency-rupee.svg
922	mini/currency-yen.svg
923	mini/currency-yen.svg
924	mini/cursor-arrow-rays.svg
925	mini/cursor-arrow-rays.svg
926	mini/cursor-arrow-ripple.svg
927	mini/cursor-arrow-ripple.svg
928	mini/device-phone-mobile.svg
929	mini/device-phone-mobile.svg
930	mini/device-tablet.svg
931	mini/device-tablet.svg
932	mini/divide.svg
933	mini/divide.svg
934	mini/document-arrow-down.svg
935	mini/document-arrow-down.svg
936	mini/document-arrow-up.svg
937	mini/document-arrow-up.svg
938	mini/document-chart-bar.svg
939	mini/document-chart-bar.svg
940	mini/document-check.svg
941	mini/document-check.svg
942	mini/document-currency-bangladeshi.svg
943	mini/document-currency-bangladeshi.svg
944	mini/document-currency-dollar.svg
945	mini/document-currency-dollar.svg
946	mini/document-currency-euro.svg
947	mini/document-currency-euro.svg
948	mini/document-currency-pound.svg
949	mini/document-currency-pound.svg
950	mini/document-currency-rupee.svg
951	mini/document-currency-rupee.svg
952	mini/document-currency-yen.svg
953	mini/document-currency-yen.svg
954	mini/document-duplicate.svg
955	mini/document-duplicate.svg
956	mini/document-magnifying-glass.svg
957	mini/document-magnifying-glass.svg
958	mini/document-minus.svg
959	mini/document-minus.svg
960	mini/document-plus.svg
961	mini/document-plus.svg
962	mini/document-text.svg
963	mini/document-text.svg
964	mini/document.svg
965	mini/document.svg
966	mini/ellipsis-horizontal-circle.svg
967	mini/ellipsis-horizontal-circle.svg
968	mini/ellipsis-horizontal.svg
969	mini/ellipsis-horizontal.svg
970	mini/ellipsis-vertical.svg
971	mini/ellipsis-vertical.svg
972	mini/envelope-open.svg
973	mini/envelope-open.svg
974	mini/envelope.svg
975	mini/envelope.svg
976	mini/equals.svg
977	mini/equals.svg
978	mini/exclamation-circle.svg
979	mini/exclamation-circle.svg
980	mini/exclamation-triangle.svg
981	mini/exclamation-triangle.svg
982	mini/eye-dropper.svg
983	mini/eye-dropper.svg
984	mini/eye-slash.svg
985	mini/eye-slash.svg
986	mini/eye.svg
987	mini/eye.svg
988	mini/face-frown.svg
989	mini/face-frown.svg
990	mini/face-smile.svg
991	mini/face-smile.svg
992	mini/film.svg
993	mini/film.svg
994	mini/finger-print.svg
995	mini/finger-print.svg
996	mini/fire.svg
997	mini/fire.svg
998	mini/flag.svg
999	mini/flag.svg
1000	mini/folder-arrow-down.svg
1001	mini/folder-arrow-down.svg
1002	mini/folder-minus.svg
1003	mini/folder-minus.svg
1004	mini/folder-open.svg
1005	mini/folder-open.svg
1006	mini/folder-plus.svg
1007	mini/folder-plus.svg
1008	mini/folder.svg
1009	mini/folder.svg
1010	mini/forward.svg
1011	mini/forward.svg
1012	mini/funnel.svg
1013	mini/funnel.svg
1014	mini/gif.svg
1015	mini/gif.svg
1016	mini/gift-top.svg
1017	mini/gift-top.svg
1018	mini/gift.svg
1019	mini/gift.svg
1020	mini/globe-alt.svg
1021	mini/globe-alt.svg
1022	mini/globe-americas.svg
1023	mini/globe-americas.svg
1024	mini/globe-asia-australia.svg
1025	mini/globe-asia-australia.svg
1026	mini/globe-europe-africa.svg
1027	mini/globe-europe-africa.svg
1028	mini/h1.svg
1029	mini/h1.svg
1030	mini/h2.svg
1031	mini/h2.svg
1032	mini/h3.svg
1033	mini/h3.svg
1034	mini/hand-raised.svg
1035	mini/hand-raised.svg
1036	mini/hand-thumb-down.svg
1037	mini/hand-thumb-down.svg
1038	mini/hand-thumb-up.svg
1039	mini/hand-thumb-up.svg
1040	mini/hashtag.svg
1041	mini/hashtag.svg
1042	mini/heart.svg
1043	mini/heart.svg
1044	mini/home-modern.svg
1045	mini/home-modern.svg
1046	mini/home.svg
1047	mini/home.svg
1048	mini/identification.svg
1049	mini/identification.svg
1050	mini/inbox-arrow-down.svg
1051	mini/inbox-arrow-down.svg
1052	mini/inbox-stack.svg
1053	mini/inbox-stack.svg
1054	mini/inbox.svg
1055	mini/inbox.svg
1056	mini/information-circle.svg
1057	mini/information-circle.svg
1058	mini/italic.svg
1059	mini/italic.svg
1060	mini/key.svg
1061	mini/key.svg
1062	mini/language.svg
1063	mini/language.svg
1064	mini/lifebuoy.svg
1065	mini/lifebuoy.svg
1066	mini/light-bulb.svg
1067	mini/light-bulb.svg
1068	mini/link-slash.svg
1069	mini/link-slash.svg
1070	mini/link.svg
1071	mini/link.svg
1072	mini/list-bullet.svg
1073	mini/list-bullet.svg
1074	mini/lock-closed.svg
1075	mini/lock-closed.svg
1076	mini/lock-open.svg
1077	mini/lock-open.svg
1078	mini/magnifying-glass-circle.svg
1079	mini/magnifying-glass-circle.svg
1080	mini/magnifying-glass-minus.svg
1081	mini/magnifying-glass-minus.svg
1082	mini/magnifying-glass-plus.svg
1083	mini/magnifying-glass-plus.svg
1084	mini/magnifying-glass.svg
1085	mini/magnifying-glass.svg
1086	mini/map-pin.svg
1087	mini/map-pin.svg
1088	mini/map.svg
1089	mini/map.svg
1090	mini/megaphone.svg
1091	mini/megaphone.svg
1092	mini/microphone.svg
1093	mini/microphone.svg
1094	mini/minus-circle.svg
1095	mini/minus-circle.svg
1096	mini/minus-small.svg
1097	mini/minus-small.svg
1098	mini/minus.svg
1099	mini/minus.svg
1100	mini/moon.svg
1101	mini/moon.svg
1102	mini/musical-note.svg
1103	mini/musical-note.svg
1104	mini/newspaper.svg
1105	mini/newspaper.svg
1106	mini/no-symbol.svg
1107	mini/no-symbol.svg
1108	mini/numbered-list.svg
1109	mini/numbered-list.svg
1110	mini/paint-brush.svg
1111	mini/paint-brush.svg
1112	mini/paper-airplane.svg
1113	mini/paper-airplane.svg
1114	mini/paper-clip.svg
1115	mini/paper-clip.svg
1116	mini/pause-circle.svg
1117	mini/pause-circle.svg
1118	mini/pause.svg
1119	mini/pause.svg
1120	mini/pencil-square.svg
1121	mini/pencil-square.svg
1122	mini/pencil.svg
1123	mini/pencil.svg
1124	mini/percent-badge.svg
1125	mini/percent-badge.svg
1126	mini/phone-arrow-down-left.svg
1127	mini/phone-arrow-down-left.svg
1128	mini/phone-arrow-up-right.svg
1129	mini/phone-arrow-up-right.svg
1130	mini/phone-x-mark.svg
1131	mini/phone-x-mark.svg
1132	mini/phone.svg
1133	mini/phone.svg
1134	mini/photo.svg
1135	mini/photo.svg
1136	mini/play-circle.svg
1137	mini/play-circle.svg
1138	mini/play-pause.svg
1139	mini/play-pause.svg
1140	mini/play.svg
1141	mini/play.svg
1142	mini/plus-circle.svg
1143	mini/plus-circle.svg
1144	mini/plus-small.svg
1145	mini/plus-small.svg
1146	mini/plus.svg
1147	mini/plus.svg
1148	mini/power.svg
1149	mini/power.svg
1150	mini/presentation-chart-bar.svg
1151	mini/presentation-chart-bar.svg
1152	mini/presentation-chart-line.svg
1153	mini/presentation-chart-line.svg
1154	mini/printer.svg
1155	mini/printer.svg
1156	mini/puzzle-piece.svg
1157	mini/puzzle-piece.svg
1158	mini/qr-code.svg
1159	mini/qr-code.svg
1160	mini/question-mark-circle.svg
1161	mini/question-mark-circle.svg
1162	mini/queue-list.svg
1163	mini/queue-list.svg
1164	mini/radio.svg
1165	mini/radio.svg
1166	mini/receipt-percent.svg
1167	mini/receipt-percent.svg
1168	mini/receipt-refund.svg
1169	mini/receipt-refund.svg
1170	mini/rectangle-group.svg
1171	mini/rectangle-group.svg
1172	mini/rectangle-stack.svg
1173	mini/rectangle-stack.svg
1174	mini/rocket-launch.svg
1175	mini/rocket-launch.svg
1176	mini/rss.svg
1177	mini/rss.svg
1178	mini/scale.svg
1179	mini/scale.svg
1180	mini/scissors.svg
1181	mini/scissors.svg
1182	mini/server-stack.svg
1183	mini/server-stack.svg
1184	mini/server.svg
1185	mini/server.svg
1186	mini/share.svg
1187	mini/share.svg
1188	mini/shield-check.svg
1189	mini/shield-check.svg
1190	mini/shield-exclamation.svg
1191	mini/shield-exclamation.svg
1192	mini/shopping-bag.svg
1193	mini/shopping-bag.svg
1194	mini/shopping-cart.svg
1195	mini/shopping-cart.svg
1196	mini/signal-slash.svg
1197	mini/signal-slash.svg
1198	mini/signal.svg
1199	mini/signal.svg
1200	mini/slash.svg
1201	mini/slash.svg
1202	mini/sparkles.svg
1203	mini/sparkles.svg
1204	mini/speaker-wave.svg
1205	mini/speaker-wave.svg
1206	mini/speaker-x-mark.svg
1207	mini/speaker-x-mark.svg
1208	mini/square-2-stack.svg
1209	mini/square-2-stack.svg
1210	mini/square-3-stack-3d.svg
1211	mini/square-3-stack-3d.svg
1212	mini/squares-2x2.svg
1213	mini/squares-2x2.svg
1214	mini/squares-plus.svg
1215	mini/squares-plus.svg
1216	mini/star.svg
1217	mini/star.svg
1218	mini/stop-circle.svg
1219	mini/stop-circle.svg
1220	mini/stop.svg
1221	mini/stop.svg
1222	mini/strikethrough.svg
1223	mini/strikethrough.svg
1224	mini/sun.svg
1225	mini/sun.svg
1226	mini/swatch.svg
1227	mini/swatch.svg
1228	mini/table-cells.svg
1229	mini/table-cells.svg
1230	mini/tag.svg
1231	mini/tag.svg
1232	mini/ticket.svg
1233	mini/ticket.svg
1234	mini/trash.svg
1235	mini/trash.svg
1236	mini/trophy.svg
1237	mini/trophy.svg
1238	mini/truck.svg
1239	mini/truck.svg
1240	mini/tv.svg
1241	mini/tv.svg
1242	mini/underline.svg
1243	mini/underline.svg
1244	mini/user-circle.svg
1245	mini/user-circle.svg
1246	mini/user-group.svg
1247	mini/user-group.svg
1248	mini/user-minus.svg
1249	mini/user-minus.svg
1250	mini/user-plus.svg
1251	mini/user-plus.svg
1252	mini/user.svg
1253	mini/user.svg
1254	mini/users.svg
1255	mini/users.svg
1256	mini/variable.svg
1257	mini/variable.svg
1258	mini/video-camera-slash.svg
1259	mini/video-camera-slash.svg
1260	mini/video-camera.svg
1261	mini/video-camera.svg
1262	mini/view-columns.svg
1263	mini/view-columns.svg
1264	mini/viewfinder-circle.svg
1265	mini/viewfinder-circle.svg
1266	mini/wallet.svg
1267	mini/wallet.svg
1268	mini/wifi.svg
1269	mini/wifi.svg
1270	mini/window.svg
1271	mini/window.svg
1272	mini/wrench-screwdriver.svg
1273	mini/wrench-screwdriver.svg
1274	mini/wrench.svg
1275	mini/wrench.svg
1276	mini/x-circle.svg
1277	mini/x-circle.svg
1278	mini/x-mark.svg
1279	mini/x-mark.svg
1280	normal/academic-cap.svg
1281	normal/academic-cap.svg
1282	normal/adjustments-horizontal.svg
1283	normal/adjustments-horizontal.svg
1284	normal/adjustments-vertical.svg
1285	normal/adjustments-vertical.svg
1286	normal/archive-box-arrow-down.svg
1287	normal/archive-box-arrow-down.svg
1288	normal/archive-box-x-mark.svg
1289	normal/archive-box-x-mark.svg
1290	normal/archive-box.svg
1291	normal/archive-box.svg
1292	normal/arrow-down-circle.svg
1293	normal/arrow-down-circle.svg
1294	normal/arrow-down-left.svg
1295	normal/arrow-down-left.svg
1296	normal/arrow-down-on-square-stack.svg
1297	normal/arrow-down-on-square-stack.svg
1298	normal/arrow-down-on-square.svg
1299	normal/arrow-down-on-square.svg
1300	normal/arrow-down-right.svg
1301	normal/arrow-down-right.svg
1302	normal/arrow-down-tray.svg
1303	normal/arrow-down-tray.svg
1304	normal/arrow-down.svg
1305	normal/arrow-down.svg
1306	normal/arrow-left-circle.svg
1307	normal/arrow-left-circle.svg
1308	normal/arrow-left-end-on-rectangle.svg
1309	normal/arrow-left-end-on-rectangle.svg
1310	normal/arrow-left-on-rectangle.svg
1311	normal/arrow-left-on-rectangle.svg
1312	normal/arrow-left-start-on-rectangle.svg
1313	normal/arrow-left-start-on-rectangle.svg
1314	normal/arrow-left.svg
1315	normal/arrow-left.svg
1316	normal/arrow-long-down.svg
1317	normal/arrow-long-down.svg
1318	normal/arrow-long-left.svg
1319	normal/arrow-long-left.svg
1320	normal/arrow-long-right.svg
1321	normal/arrow-long-right.svg
1322	normal/arrow-long-up.svg
1323	normal/arrow-long-up.svg
1324	normal/arrow-path-rounded-square.svg
1325	normal/arrow-path-rounded-square.svg
1326	normal/arrow-path.svg
1327	normal/arrow-path.svg
1328	normal/arrow-right-circle.svg
1329	normal/arrow-right-circle.svg
1330	normal/arrow-right-end-on-rectangle.svg
1331	normal/arrow-right-end-on-rectangle.svg
1332	normal/arrow-right-on-rectangle.svg
1333	normal/arrow-right-on-rectangle.svg
1334	normal/arrow-right-start-on-rectangle.svg
1335	normal/arrow-right-start-on-rectangle.svg
1336	normal/arrow-right.svg
1337	normal/arrow-right.svg
1338	normal/arrow-small-down.svg
1339	normal/arrow-small-down.svg
1340	normal/arrow-small-left.svg
1341	normal/arrow-small-left.svg
1342	normal/arrow-small-right.svg
1343	normal/arrow-small-right.svg
1344	normal/arrow-small-up.svg
1345	normal/arrow-small-up.svg
1346	normal/arrow-top-right-on-square.svg
1347	normal/arrow-top-right-on-square.svg
1348	normal/arrow-trending-down.svg
1349	normal/arrow-trending-down.svg
1350	normal/arrow-trending-up.svg
1351	normal/arrow-trending-up.svg
1352	normal/arrow-turn-down-left.svg
1353	normal/arrow-turn-down-left.svg
1354	normal/arrow-turn-down-right.svg
1355	normal/arrow-turn-down-right.svg
1356	normal/arrow-turn-left-down.svg
1357	normal/arrow-turn-left-down.svg
1358	normal/arrow-turn-left-up.svg
1359	normal/arrow-turn-left-up.svg
1360	normal/arrow-turn-right-down.svg
1361	normal/arrow-turn-right-down.svg
1362	normal/arrow-turn-right-up.svg
1363	normal/arrow-turn-right-up.svg
1364	normal/arrow-turn-up-left.svg
1365	normal/arrow-turn-up-left.svg
1366	normal/arrow-turn-up-right.svg
1367	normal/arrow-turn-up-right.svg
1368	normal/arrow-up-circle.svg
1369	normal/arrow-up-circle.svg
1370	normal/arrow-up-left.svg
1371	normal/arrow-up-left.svg
1372	normal/arrow-up-on-square-stack.svg
1373	normal/arrow-up-on-square-stack.svg
1374	normal/arrow-up-on-square.svg
1375	normal/arrow-up-on-square.svg
1376	normal/arrow-up-right.svg
1377	normal/arrow-up-right.svg
1378	normal/arrow-up-tray.svg
1379	normal/arrow-up-tray.svg
1380	normal/arrow-up.svg
1381	normal/arrow-up.svg
1382	normal/arrow-uturn-down.svg
1383	normal/arrow-uturn-down.svg
1384	normal/arrow-uturn-left.svg
1385	normal/arrow-uturn-left.svg
1386	normal/arrow-uturn-right.svg
1387	normal/arrow-uturn-right.svg
1388	normal/arrow-uturn-up.svg
1389	normal/arrow-uturn-up.svg
1390	normal/arrows-pointing-in.svg
1391	normal/arrows-pointing-in.svg
1392	normal/arrows-pointing-out.svg
1393	normal/arrows-pointing-out.svg
1394	normal/arrows-right-left.svg
1395	normal/arrows-right-left.svg
1396	normal/arrows-up-down.svg
1397	normal/arrows-up-down.svg
1398	normal/at-symbol.svg
1399	normal/at-symbol.svg
1400	normal/backspace.svg
1401	normal/backspace.svg
1402	normal/backward.svg
1403	normal/backward.svg
1404	normal/banknotes.svg
1405	normal/banknotes.svg
1406	normal/bars-2.svg
1407	normal/bars-2.svg
1408	normal/bars-3-bottom-left.svg
1409	normal/bars-3-bottom-left.svg
1410	normal/bars-3-bottom-right.svg
1411	normal/bars-3-bottom-right.svg
1412	normal/bars-3-center-left.svg
1413	normal/bars-3-center-left.svg
1414	normal/bars-3.svg
1415	normal/bars-3.svg
1416	normal/bars-4.svg
1417	normal/bars-4.svg
1418	normal/bars-arrow-down.svg
1419	normal/bars-arrow-down.svg
1420	normal/bars-arrow-up.svg
1421	normal/bars-arrow-up.svg
1422	normal/battery-0.svg
1423	normal/battery-0.svg
1424	normal/battery-100.svg
1425	normal/battery-100.svg
1426	normal/battery-50.svg
1427	normal/battery-50.svg
1428	normal/beaker.svg
1429	normal/beaker.svg
1430	normal/bell-alert.svg
1431	normal/bell-alert.svg
1432	normal/bell-slash.svg
1433	normal/bell-slash.svg
1434	normal/bell-snooze.svg
1435	normal/bell-snooze.svg
1436	normal/bell.svg
1437	normal/bell.svg
1438	normal/bold.svg
1439	normal/bold.svg
1440	normal/bolt-slash.svg
1441	normal/bolt-slash.svg
1442	normal/bolt.svg
1443	normal/bolt.svg
1444	normal/book-open.svg
1445	normal/book-open.svg
1446	normal/bookmark-slash.svg
1447	normal/bookmark-slash.svg
1448	normal/bookmark-square.svg
1449	normal/bookmark-square.svg
1450	normal/bookmark.svg
1451	normal/bookmark.svg
1452	normal/briefcase.svg
1453	normal/briefcase.svg
1454	normal/bug-ant.svg
1455	normal/bug-ant.svg
1456	normal/building-library.svg
1457	normal/building-library.svg
1458	normal/building-office-2.svg
1459	normal/building-office-2.svg
1460	normal/building-office.svg
1461	normal/building-office.svg
1462	normal/building-storefront.svg
1463	normal/building-storefront.svg
1464	normal/cake.svg
1465	normal/cake.svg
1466	normal/calculator.svg
1467	normal/calculator.svg
1468	normal/calendar-date-range.svg
1469	normal/calendar-date-range.svg
1470	normal/calendar-days.svg
1471	normal/calendar-days.svg
1472	normal/calendar.svg
1473	normal/calendar.svg
1474	normal/camera.svg
1475	normal/camera.svg
1476	normal/chart-bar-square.svg
1477	normal/chart-bar-square.svg
1478	normal/chart-bar.svg
1479	normal/chart-bar.svg
1480	normal/chart-pie.svg
1481	normal/chart-pie.svg
1482	normal/chat-bubble-bottom-center-text.svg
1483	normal/chat-bubble-bottom-center-text.svg
1484	normal/chat-bubble-bottom-center.svg
1485	normal/chat-bubble-bottom-center.svg
1486	normal/chat-bubble-left-ellipsis.svg
1487	normal/chat-bubble-left-ellipsis.svg
1488	normal/chat-bubble-left-right.svg
1489	normal/chat-bubble-left-right.svg
1490	normal/chat-bubble-left.svg
1491	normal/chat-bubble-left.svg
1492	normal/chat-bubble-oval-left-ellipsis.svg
1493	normal/chat-bubble-oval-left-ellipsis.svg
1494	normal/chat-bubble-oval-left.svg
1495	normal/chat-bubble-oval-left.svg
1496	normal/check-badge.svg
1497	normal/check-badge.svg
1498	normal/check-circle.svg
1499	normal/check-circle.svg
1500	normal/check.svg
1501	normal/check.svg
1502	normal/chevron-double-down.svg
1503	normal/chevron-double-down.svg
1504	normal/chevron-double-left.svg
1505	normal/chevron-double-left.svg
1506	normal/chevron-double-right.svg
1507	normal/chevron-double-right.svg
1508	normal/chevron-double-up.svg
1509	normal/chevron-double-up.svg
1510	normal/chevron-down.svg
1511	normal/chevron-down.svg
1512	normal/chevron-left.svg
1513	normal/chevron-left.svg
1514	normal/chevron-right.svg
1515	normal/chevron-right.svg
1516	normal/chevron-up-down.svg
1517	normal/chevron-up-down.svg
1518	normal/chevron-up.svg
1519	normal/chevron-up.svg
1520	normal/circle-stack.svg
1521	normal/circle-stack.svg
1522	normal/clipboard-document-check.svg
1523	normal/clipboard-document-check.svg
1524	normal/clipboard-document-list.svg
1525	normal/clipboard-document-list.svg
1526	normal/clipboard-document.svg
1527	normal/clipboard-document.svg
1528	normal/clipboard.svg
1529	normal/clipboard.svg
1530	normal/clock.svg
1531	normal/clock.svg
1532	normal/cloud-arrow-down.svg
1533	normal/cloud-arrow-down.svg
1534	normal/cloud-arrow-up.svg
1535	normal/cloud-arrow-up.svg
1536	normal/cloud.svg
1537	normal/cloud.svg
1538	normal/code-bracket-square.svg
1539	normal/code-bracket-square.svg
1540	normal/code-bracket.svg
1541	normal/code-bracket.svg
1542	normal/cog-6-tooth.svg
1543	normal/cog-6-tooth.svg
1544	normal/cog-8-tooth.svg
1545	normal/cog-8-tooth.svg
1546	normal/cog.svg
1547	normal/cog.svg
1548	normal/command-line.svg
1549	normal/command-line.svg
1550	normal/computer-desktop.svg
1551	normal/computer-desktop.svg
1552	normal/cpu-chip.svg
1553	normal/cpu-chip.svg
1554	normal/credit-card.svg
1555	normal/credit-card.svg
1556	normal/cube-transparent.svg
1557	normal/cube-transparent.svg
1558	normal/cube.svg
1559	normal/cube.svg
1560	normal/currency-bangladeshi.svg
1561	normal/currency-bangladeshi.svg
1562	normal/currency-dollar.svg
1563	normal/currency-dollar.svg
1564	normal/currency-euro.svg
1565	normal/currency-euro.svg
1566	normal/currency-pound.svg
1567	normal/currency-pound.svg
1568	normal/currency-rupee.svg
1569	normal/currency-rupee.svg
1570	normal/currency-yen.svg
1571	normal/currency-yen.svg
1572	normal/cursor-arrow-rays.svg
1573	normal/cursor-arrow-rays.svg
1574	normal/cursor-arrow-ripple.svg
1575	normal/cursor-arrow-ripple.svg
1576	normal/device-phone-mobile.svg
1577	normal/device-phone-mobile.svg
1578	normal/device-tablet.svg
1579	normal/device-tablet.svg
1580	normal/divide.svg
1581	normal/divide.svg
1582	normal/document-arrow-down.svg
1583	normal/document-arrow-down.svg
1584	normal/document-arrow-up.svg
1585	normal/document-arrow-up.svg
1586	normal/document-chart-bar.svg
1587	normal/document-chart-bar.svg
1588	normal/document-check.svg
1589	normal/document-check.svg
1590	normal/document-currency-bangladeshi.svg
1591	normal/document-currency-bangladeshi.svg
1592	normal/document-currency-dollar.svg
1593	normal/document-currency-dollar.svg
1594	normal/document-currency-euro.svg
1595	normal/document-currency-euro.svg
1596	normal/document-currency-pound.svg
1597	normal/document-currency-pound.svg
1598	normal/document-currency-rupee.svg
1599	normal/document-currency-rupee.svg
1600	normal/document-currency-yen.svg
1601	normal/document-currency-yen.svg
1602	normal/document-duplicate.svg
1603	normal/document-duplicate.svg
1604	normal/document-magnifying-glass.svg
1605	normal/document-magnifying-glass.svg
1606	normal/document-minus.svg
1607	normal/document-minus.svg
1608	normal/document-plus.svg
1609	normal/document-plus.svg
1610	normal/document-text.svg
1611	normal/document-text.svg
1612	normal/document.svg
1613	normal/document.svg
1614	normal/ellipsis-horizontal-circle.svg
1615	normal/ellipsis-horizontal-circle.svg
1616	normal/ellipsis-horizontal.svg
1617	normal/ellipsis-horizontal.svg
1618	normal/ellipsis-vertical.svg
1619	normal/ellipsis-vertical.svg
1620	normal/envelope-open.svg
1621	normal/envelope-open.svg
1622	normal/envelope.svg
1623	normal/envelope.svg
1624	normal/equals.svg
1625	normal/equals.svg
1626	normal/exclamation-circle.svg
1627	normal/exclamation-circle.svg
1628	normal/exclamation-triangle.svg
1629	normal/exclamation-triangle.svg
1630	normal/eye-dropper.svg
1631	normal/eye-dropper.svg
1632	normal/eye-slash.svg
1633	normal/eye-slash.svg
1634	normal/eye.svg
1635	normal/eye.svg
1636	normal/face-frown.svg
1637	normal/face-frown.svg
1638	normal/face-smile.svg
1639	normal/face-smile.svg
1640	normal/film.svg
1641	normal/film.svg
1642	normal/finger-print.svg
1643	normal/finger-print.svg
1644	normal/fire.svg
1645	normal/fire.svg
1646	normal/flag.svg
1647	normal/flag.svg
1648	normal/folder-arrow-down.svg
1649	normal/folder-arrow-down.svg
1650	normal/folder-minus.svg
1651	normal/folder-minus.svg
1652	normal/folder-open.svg
1653	normal/folder-open.svg
1654	normal/folder-plus.svg
1655	normal/folder-plus.svg
1656	normal/folder.svg
1657	normal/folder.svg
1658	normal/forward.svg
1659	normal/forward.svg
1660	normal/funnel.svg
1661	normal/funnel.svg
1662	normal/gif.svg
1663	normal/gif.svg
1664	normal/gift-top.svg
1665	normal/gift-top.svg
1666	normal/gift.svg
1667	normal/gift.svg
1668	normal/globe-alt.svg
1669	normal/globe-alt.svg
1670	normal/globe-americas.svg
1671	normal/globe-americas.svg
1672	normal/globe-asia-australia.svg
1673	normal/globe-asia-australia.svg
1674	normal/globe-europe-africa.svg
1675	normal/globe-europe-africa.svg
1676	normal/h1.svg
1677	normal/h1.svg
1678	normal/h2.svg
1679	normal/h2.svg
1680	normal/h3.svg
1681	normal/h3.svg
1682	normal/hand-raised.svg
1683	normal/hand-raised.svg
1684	normal/hand-thumb-down.svg
1685	normal/hand-thumb-down.svg
1686	normal/hand-thumb-up.svg
1687	normal/hand-thumb-up.svg
1688	normal/hashtag.svg
1689	normal/hashtag.svg
1690	normal/heart.svg
1691	normal/heart.svg
1692	normal/home-modern.svg
1693	normal/home-modern.svg
1694	normal/home.svg
1695	normal/home.svg
1696	normal/identification.svg
1697	normal/identification.svg
1698	normal/inbox-arrow-down.svg
1699	normal/inbox-arrow-down.svg
1700	normal/inbox-stack.svg
1701	normal/inbox-stack.svg
1702	normal/inbox.svg
1703	normal/inbox.svg
1704	normal/information-circle.svg
1705	normal/information-circle.svg
1706	normal/italic.svg
1707	normal/italic.svg
1708	normal/key.svg
1709	normal/key.svg
1710	normal/language.svg
1711	normal/language.svg
1712	normal/lifebuoy.svg
1713	normal/lifebuoy.svg
1714	normal/light-bulb.svg
1715	normal/light-bulb.svg
1716	normal/link-slash.svg
1717	normal/link-slash.svg
1718	normal/link.svg
1719	normal/link.svg
1720	normal/list-bullet.svg
1721	normal/list-bullet.svg
1722	normal/lock-closed.svg
1723	normal/lock-closed.svg
1724	normal/lock-open.svg
1725	normal/lock-open.svg
1726	normal/magnifying-glass-circle.svg
1727	normal/magnifying-glass-circle.svg
1728	normal/magnifying-glass-minus.svg
1729	normal/magnifying-glass-minus.svg
1730	normal/magnifying-glass-plus.svg
1731	normal/magnifying-glass-plus.svg
1732	normal/magnifying-glass.svg
1733	normal/magnifying-glass.svg
1734	normal/map-pin.svg
1735	normal/map-pin.svg
1736	normal/map.svg
1737	normal/map.svg
1738	normal/megaphone.svg
1739	normal/megaphone.svg
1740	normal/microphone.svg
1741	normal/microphone.svg
1742	normal/minus-circle.svg
1743	normal/minus-circle.svg
1744	normal/minus-small.svg
1745	normal/minus-small.svg
1746	normal/minus.svg
1747	normal/minus.svg
1748	normal/moon.svg
1749	normal/moon.svg
1750	normal/musical-note.svg
1751	normal/musical-note.svg
1752	normal/newspaper.svg
1753	normal/newspaper.svg
1754	normal/no-symbol.svg
1755	normal/no-symbol.svg
1756	normal/numbered-list.svg
1757	normal/numbered-list.svg
1758	normal/paint-brush.svg
1759	normal/paint-brush.svg
1760	normal/paper-airplane.svg
1761	normal/paper-airplane.svg
1762	normal/paper-clip.svg
1763	normal/paper-clip.svg
1764	normal/pause-circle.svg
1765	normal/pause-circle.svg
1766	normal/pause.svg
1767	normal/pause.svg
1768	normal/pencil-square.svg
1769	normal/pencil-square.svg
1770	normal/pencil.svg
1771	normal/pencil.svg
1772	normal/percent-badge.svg
1773	normal/percent-badge.svg
1774	normal/phone-arrow-down-left.svg
1775	normal/phone-arrow-down-left.svg
1776	normal/phone-arrow-up-right.svg
1777	normal/phone-arrow-up-right.svg
1778	normal/phone-x-mark.svg
1779	normal/phone-x-mark.svg
1780	normal/phone.svg
1781	normal/phone.svg
1782	normal/photo.svg
1783	normal/photo.svg
1784	normal/play-circle.svg
1785	normal/play-circle.svg
1786	normal/play-pause.svg
1787	normal/play-pause.svg
1788	normal/play.svg
1789	normal/play.svg
1790	normal/plus-circle.svg
1791	normal/plus-circle.svg
1792	normal/plus-small.svg
1793	normal/plus-small.svg
1794	normal/plus.svg
1795	normal/plus.svg
1796	normal/power.svg
1797	normal/power.svg
1798	normal/presentation-chart-bar.svg
1799	normal/presentation-chart-bar.svg
1800	normal/presentation-chart-line.svg
1801	normal/presentation-chart-line.svg
1802	normal/printer.svg
1803	normal/printer.svg
1804	normal/puzzle-piece.svg
1805	normal/puzzle-piece.svg
1806	normal/qr-code.svg
1807	normal/qr-code.svg
1808	normal/question-mark-circle.svg
1809	normal/question-mark-circle.svg
1810	normal/queue-list.svg
1811	normal/queue-list.svg
1812	normal/radio.svg
1813	normal/radio.svg
1814	normal/receipt-percent.svg
1815	normal/receipt-percent.svg
1816	normal/receipt-refund.svg
1817	normal/receipt-refund.svg
1818	normal/rectangle-group.svg
1819	normal/rectangle-group.svg
1820	normal/rectangle-stack.svg
1821	normal/rectangle-stack.svg
1822	normal/rocket-launch.svg
1823	normal/rocket-launch.svg
1824	normal/rss.svg
1825	normal/rss.svg
1826	normal/scale.svg
1827	normal/scale.svg
1828	normal/scissors.svg
1829	normal/scissors.svg
1830	normal/server-stack.svg
1831	normal/server-stack.svg
1832	normal/server.svg
1833	normal/server.svg
1834	normal/share.svg
1835	normal/share.svg
1836	normal/shield-check.svg
1837	normal/shield-check.svg
1838	normal/shield-exclamation.svg
1839	normal/shield-exclamation.svg
1840	normal/shopping-bag.svg
1841	normal/shopping-bag.svg
1842	normal/shopping-cart.svg
1843	normal/shopping-cart.svg
1844	normal/signal-slash.svg
1845	normal/signal-slash.svg
1846	normal/signal.svg
1847	normal/signal.svg
1848	normal/slash.svg
1849	normal/slash.svg
1850	normal/sparkles.svg
1851	normal/sparkles.svg
1852	normal/speaker-wave.svg
1853	normal/speaker-wave.svg
1854	normal/speaker-x-mark.svg
1855	normal/speaker-x-mark.svg
1856	normal/square-2-stack.svg
1857	normal/square-2-stack.svg
1858	normal/square-3-stack-3d.svg
1859	normal/square-3-stack-3d.svg
1860	normal/squares-2x2.svg
1861	normal/squares-2x2.svg
1862	normal/squares-plus.svg
1863	normal/squares-plus.svg
1864	normal/star.svg
1865	normal/star.svg
1866	normal/stop-circle.svg
1867	normal/stop-circle.svg
1868	normal/stop.svg
1869	normal/stop.svg
1870	normal/strikethrough.svg
1871	normal/strikethrough.svg
1872	normal/sun.svg
1873	normal/sun.svg
1874	normal/swatch.svg
1875	normal/swatch.svg
1876	normal/table-cells.svg
1877	normal/table-cells.svg
1878	normal/tag.svg
1879	normal/tag.svg
1880	normal/ticket.svg
1881	normal/ticket.svg
1882	normal/trash.svg
1883	normal/trash.svg
1884	normal/trophy.svg
1885	normal/trophy.svg
1886	normal/truck.svg
1887	normal/truck.svg
1888	normal/tv.svg
1889	normal/tv.svg
1890	normal/underline.svg
1891	normal/underline.svg
1892	normal/user-circle.svg
1893	normal/user-circle.svg
1894	normal/user-group.svg
1895	normal/user-group.svg
1896	normal/user-minus.svg
1897	normal/user-minus.svg
1898	normal/user-plus.svg
1899	normal/user-plus.svg
1900	normal/user.svg
1901	normal/user.svg
1902	normal/users.svg
1903	normal/users.svg
1904	normal/variable.svg
1905	normal/variable.svg
1906	normal/video-camera-slash.svg
1907	normal/video-camera-slash.svg
1908	normal/video-camera.svg
1909	normal/video-camera.svg
1910	normal/view-columns.svg
1911	normal/view-columns.svg
1912	normal/viewfinder-circle.svg
1913	normal/viewfinder-circle.svg
1914	normal/wallet.svg
1915	normal/wallet.svg
1916	normal/wifi.svg
1917	normal/wifi.svg
1918	normal/window.svg
1919	normal/window.svg
1920	normal/wrench-screwdriver.svg
1921	normal/wrench-screwdriver.svg
1922	normal/wrench.svg
1923	normal/wrench.svg
1924	normal/x-circle.svg
1925	normal/x-circle.svg
1926	normal/x-mark.svg
1927	normal/x-mark.svg
1928	solid/academic-cap.svg
1929	solid/academic-cap.svg
1930	solid/adjustments-horizontal.svg
1931	solid/adjustments-horizontal.svg
1932	solid/adjustments-vertical.svg
1933	solid/adjustments-vertical.svg
1934	solid/archive-box-arrow-down.svg
1935	solid/archive-box-arrow-down.svg
1936	solid/archive-box-x-mark.svg
1937	solid/archive-box-x-mark.svg
1938	solid/archive-box.svg
1939	solid/archive-box.svg
1940	solid/arrow-down-circle.svg
1941	solid/arrow-down-circle.svg
1942	solid/arrow-down-left.svg
1943	solid/arrow-down-left.svg
1944	solid/arrow-down-on-square-stack.svg
1945	solid/arrow-down-on-square-stack.svg
1946	solid/arrow-down-on-square.svg
1947	solid/arrow-down-on-square.svg
1948	solid/arrow-down-right.svg
1949	solid/arrow-down-right.svg
1950	solid/arrow-down-tray.svg
1951	solid/arrow-down-tray.svg
1952	solid/arrow-down.svg
1953	solid/arrow-down.svg
1954	solid/arrow-left-circle.svg
1955	solid/arrow-left-circle.svg
1956	solid/arrow-left-end-on-rectangle.svg
1957	solid/arrow-left-end-on-rectangle.svg
1958	solid/arrow-left-on-rectangle.svg
1959	solid/arrow-left-on-rectangle.svg
1960	solid/arrow-left-start-on-rectangle.svg
1961	solid/arrow-left-start-on-rectangle.svg
1962	solid/arrow-left.svg
1963	solid/arrow-left.svg
1964	solid/arrow-long-down.svg
1965	solid/arrow-long-down.svg
1966	solid/arrow-long-left.svg
1967	solid/arrow-long-left.svg
1968	solid/arrow-long-right.svg
1969	solid/arrow-long-right.svg
1970	solid/arrow-long-up.svg
1971	solid/arrow-long-up.svg
1972	solid/arrow-path-rounded-square.svg
1973	solid/arrow-path-rounded-square.svg
1974	solid/arrow-path.svg
1975	solid/arrow-path.svg
1976	solid/arrow-right-circle.svg
1977	solid/arrow-right-circle.svg
1978	solid/arrow-right-end-on-rectangle.svg
1979	solid/arrow-right-end-on-rectangle.svg
1980	solid/arrow-right-on-rectangle.svg
1981	solid/arrow-right-on-rectangle.svg
1982	solid/arrow-right-start-on-rectangle.svg
1983	solid/arrow-right-start-on-rectangle.svg
1984	solid/arrow-right.svg
1985	solid/arrow-right.svg
1986	solid/arrow-small-down.svg
1987	solid/arrow-small-down.svg
1988	solid/arrow-small-left.svg
1989	solid/arrow-small-left.svg
1990	solid/arrow-small-right.svg
1991	solid/arrow-small-right.svg
1992	solid/arrow-small-up.svg
1993	solid/arrow-small-up.svg
1994	solid/arrow-top-right-on-square.svg
1995	solid/arrow-top-right-on-square.svg
1996	solid/arrow-trending-down.svg
1997	solid/arrow-trending-down.svg
1998	solid/arrow-trending-up.svg
1999	solid/arrow-trending-up.svg
2000	solid/arrow-turn-down-left.svg
2001	solid/arrow-turn-down-left.svg
2002	solid/arrow-turn-down-right.svg
2003	solid/arrow-turn-down-right.svg
2004	solid/arrow-turn-left-down.svg
2005	solid/arrow-turn-left-down.svg
2006	solid/arrow-turn-left-up.svg
2007	solid/arrow-turn-left-up.svg
2008	solid/arrow-turn-right-down.svg
2009	solid/arrow-turn-right-down.svg
2010	solid/arrow-turn-right-up.svg
2011	solid/arrow-turn-right-up.svg
2012	solid/arrow-turn-up-left.svg
2013	solid/arrow-turn-up-left.svg
2014	solid/arrow-turn-up-right.svg
2015	solid/arrow-turn-up-right.svg
2016	solid/arrow-up-circle.svg
2017	solid/arrow-up-circle.svg
2018	solid/arrow-up-left.svg
2019	solid/arrow-up-left.svg
2020	solid/arrow-up-on-square-stack.svg
2021	solid/arrow-up-on-square-stack.svg
2022	solid/arrow-up-on-square.svg
2023	solid/arrow-up-on-square.svg
2024	solid/arrow-up-right.svg
2025	solid/arrow-up-right.svg
2026	solid/arrow-up-tray.svg
2027	solid/arrow-up-tray.svg
2028	solid/arrow-up.svg
2029	solid/arrow-up.svg
2030	solid/arrow-uturn-down.svg
2031	solid/arrow-uturn-down.svg
2032	solid/arrow-uturn-left.svg
2033	solid/arrow-uturn-left.svg
2034	solid/arrow-uturn-right.svg
2035	solid/arrow-uturn-right.svg
2036	solid/arrow-uturn-up.svg
2037	solid/arrow-uturn-up.svg
2038	solid/arrows-pointing-in.svg
2039	solid/arrows-pointing-in.svg
2040	solid/arrows-pointing-out.svg
2041	solid/arrows-pointing-out.svg
2042	solid/arrows-right-left.svg
2043	solid/arrows-right-left.svg
2044	solid/arrows-up-down.svg
2045	solid/arrows-up-down.svg
2046	solid/at-symbol.svg
2047	solid/at-symbol.svg
2048	solid/backspace.svg
2049	solid/backspace.svg
2050	solid/backward.svg
2051	solid/backward.svg
2052	solid/banknotes.svg
2053	solid/banknotes.svg
2054	solid/bars-2.svg
2055	solid/bars-2.svg
2056	solid/bars-3-bottom-left.svg
2057	solid/bars-3-bottom-left.svg
2058	solid/bars-3-bottom-right.svg
2059	solid/bars-3-bottom-right.svg
2060	solid/bars-3-center-left.svg
2061	solid/bars-3-center-left.svg
2062	solid/bars-3.svg
2063	solid/bars-3.svg
2064	solid/bars-4.svg
2065	solid/bars-4.svg
2066	solid/bars-arrow-down.svg
2067	solid/bars-arrow-down.svg
2068	solid/bars-arrow-up.svg
2069	solid/bars-arrow-up.svg
2070	solid/battery-0.svg
2071	solid/battery-0.svg
2072	solid/battery-100.svg
2073	solid/battery-100.svg
2074	solid/battery-50.svg
2075	solid/battery-50.svg
2076	solid/beaker.svg
2077	solid/beaker.svg
2078	solid/bell-alert.svg
2079	solid/bell-alert.svg
2080	solid/bell-slash.svg
2081	solid/bell-slash.svg
2082	solid/bell-snooze.svg
2083	solid/bell-snooze.svg
2084	solid/bell.svg
2085	solid/bell.svg
2086	solid/bold.svg
2087	solid/bold.svg
2088	solid/bolt-slash.svg
2089	solid/bolt-slash.svg
2090	solid/bolt.svg
2091	solid/bolt.svg
2092	solid/book-open.svg
2093	solid/book-open.svg
2094	solid/bookmark-slash.svg
2095	solid/bookmark-slash.svg
2096	solid/bookmark-square.svg
2097	solid/bookmark-square.svg
2098	solid/bookmark.svg
2099	solid/bookmark.svg
2100	solid/briefcase.svg
2101	solid/briefcase.svg
2102	solid/bug-ant.svg
2103	solid/bug-ant.svg
2104	solid/building-library.svg
2105	solid/building-library.svg
2106	solid/building-office-2.svg
2107	solid/building-office-2.svg
2108	solid/building-office.svg
2109	solid/building-office.svg
2110	solid/building-storefront.svg
2111	solid/building-storefront.svg
2112	solid/cake.svg
2113	solid/cake.svg
2114	solid/calculator.svg
2115	solid/calculator.svg
2116	solid/calendar-date-range.svg
2117	solid/calendar-date-range.svg
2118	solid/calendar-days.svg
2119	solid/calendar-days.svg
2120	solid/calendar.svg
2121	solid/calendar.svg
2122	solid/camera.svg
2123	solid/camera.svg
2124	solid/chart-bar-square.svg
2125	solid/chart-bar-square.svg
2126	solid/chart-bar.svg
2127	solid/chart-bar.svg
2128	solid/chart-pie.svg
2129	solid/chart-pie.svg
2130	solid/chat-bubble-bottom-center-text.svg
2131	solid/chat-bubble-bottom-center-text.svg
2132	solid/chat-bubble-bottom-center.svg
2133	solid/chat-bubble-bottom-center.svg
2134	solid/chat-bubble-left-ellipsis.svg
2135	solid/chat-bubble-left-ellipsis.svg
2136	solid/chat-bubble-left-right.svg
2137	solid/chat-bubble-left-right.svg
2138	solid/chat-bubble-left.svg
2139	solid/chat-bubble-left.svg
2140	solid/chat-bubble-oval-left-ellipsis.svg
2141	solid/chat-bubble-oval-left-ellipsis.svg
2142	solid/chat-bubble-oval-left.svg
2143	solid/chat-bubble-oval-left.svg
2144	solid/check-badge.svg
2145	solid/check-badge.svg
2146	solid/check-circle.svg
2147	solid/check-circle.svg
2148	solid/check.svg
2149	solid/check.svg
2150	solid/chevron-double-down.svg
2151	solid/chevron-double-down.svg
2152	solid/chevron-double-left.svg
2153	solid/chevron-double-left.svg
2154	solid/chevron-double-right.svg
2155	solid/chevron-double-right.svg
2156	solid/chevron-double-up.svg
2157	solid/chevron-double-up.svg
2158	solid/chevron-down.svg
2159	solid/chevron-down.svg
2160	solid/chevron-left.svg
2161	solid/chevron-left.svg
2162	solid/chevron-right.svg
2163	solid/chevron-right.svg
2164	solid/chevron-up-down.svg
2165	solid/chevron-up-down.svg
2166	solid/chevron-up.svg
2167	solid/chevron-up.svg
2168	solid/circle-stack.svg
2169	solid/circle-stack.svg
2170	solid/clipboard-document-check.svg
2171	solid/clipboard-document-check.svg
2172	solid/clipboard-document-list.svg
2173	solid/clipboard-document-list.svg
2174	solid/clipboard-document.svg
2175	solid/clipboard-document.svg
2176	solid/clipboard.svg
2177	solid/clipboard.svg
2178	solid/clock.svg
2179	solid/clock.svg
2180	solid/cloud-arrow-down.svg
2181	solid/cloud-arrow-down.svg
2182	solid/cloud-arrow-up.svg
2183	solid/cloud-arrow-up.svg
2184	solid/cloud.svg
2185	solid/cloud.svg
2186	solid/code-bracket-square.svg
2187	solid/code-bracket-square.svg
2188	solid/code-bracket.svg
2189	solid/code-bracket.svg
2190	solid/cog-6-tooth.svg
2191	solid/cog-6-tooth.svg
2192	solid/cog-8-tooth.svg
2193	solid/cog-8-tooth.svg
2194	solid/cog.svg
2195	solid/cog.svg
2196	solid/command-line.svg
2197	solid/command-line.svg
2198	solid/computer-desktop.svg
2199	solid/computer-desktop.svg
2200	solid/cpu-chip.svg
2201	solid/cpu-chip.svg
2202	solid/credit-card.svg
2203	solid/credit-card.svg
2204	solid/cube-transparent.svg
2205	solid/cube-transparent.svg
2206	solid/cube.svg
2207	solid/cube.svg
2208	solid/currency-bangladeshi.svg
2209	solid/currency-bangladeshi.svg
2210	solid/currency-dollar.svg
2211	solid/currency-dollar.svg
2212	solid/currency-euro.svg
2213	solid/currency-euro.svg
2214	solid/currency-pound.svg
2215	solid/currency-pound.svg
2216	solid/currency-rupee.svg
2217	solid/currency-rupee.svg
2218	solid/currency-yen.svg
2219	solid/currency-yen.svg
2220	solid/cursor-arrow-rays.svg
2221	solid/cursor-arrow-rays.svg
2222	solid/cursor-arrow-ripple.svg
2223	solid/cursor-arrow-ripple.svg
2224	solid/device-phone-mobile.svg
2225	solid/device-phone-mobile.svg
2226	solid/device-tablet.svg
2227	solid/device-tablet.svg
2228	solid/divide.svg
2229	solid/divide.svg
2230	solid/document-arrow-down.svg
2231	solid/document-arrow-down.svg
2232	solid/document-arrow-up.svg
2233	solid/document-arrow-up.svg
2234	solid/document-chart-bar.svg
2235	solid/document-chart-bar.svg
2236	solid/document-check.svg
2237	solid/document-check.svg
2238	solid/document-currency-bangladeshi.svg
2239	solid/document-currency-bangladeshi.svg
2240	solid/document-currency-dollar.svg
2241	solid/document-currency-dollar.svg
2242	solid/document-currency-euro.svg
2243	solid/document-currency-euro.svg
2244	solid/document-currency-pound.svg
2245	solid/document-currency-pound.svg
2246	solid/document-currency-rupee.svg
2247	solid/document-currency-rupee.svg
2248	solid/document-currency-yen.svg
2249	solid/document-currency-yen.svg
2250	solid/document-duplicate.svg
2251	solid/document-duplicate.svg
2252	solid/document-magnifying-glass.svg
2253	solid/document-magnifying-glass.svg
2254	solid/document-minus.svg
2255	solid/document-minus.svg
2256	solid/document-plus.svg
2257	solid/document-plus.svg
2258	solid/document-text.svg
2259	solid/document-text.svg
2260	solid/document.svg
2261	solid/document.svg
2262	solid/ellipsis-horizontal-circle.svg
2263	solid/ellipsis-horizontal-circle.svg
2264	solid/ellipsis-horizontal.svg
2265	solid/ellipsis-horizontal.svg
2266	solid/ellipsis-vertical.svg
2267	solid/ellipsis-vertical.svg
2268	solid/envelope-open.svg
2269	solid/envelope-open.svg
2270	solid/envelope.svg
2271	solid/envelope.svg
2272	solid/equals.svg
2273	solid/equals.svg
2274	solid/exclamation-circle.svg
2275	solid/exclamation-circle.svg
2276	solid/exclamation-triangle.svg
2277	solid/exclamation-triangle.svg
2278	solid/eye-dropper.svg
2279	solid/eye-dropper.svg
2280	solid/eye-slash.svg
2281	solid/eye-slash.svg
2282	solid/eye.svg
2283	solid/eye.svg
2284	solid/face-frown.svg
2285	solid/face-frown.svg
2286	solid/face-smile.svg
2287	solid/face-smile.svg
2288	solid/film.svg
2289	solid/film.svg
2290	solid/finger-print.svg
2291	solid/finger-print.svg
2292	solid/fire.svg
2293	solid/fire.svg
2294	solid/flag.svg
2295	solid/flag.svg
2296	solid/folder-arrow-down.svg
2297	solid/folder-arrow-down.svg
2298	solid/folder-minus.svg
2299	solid/folder-minus.svg
2300	solid/folder-open.svg
2301	solid/folder-open.svg
2302	solid/folder-plus.svg
2303	solid/folder-plus.svg
2304	solid/folder.svg
2305	solid/folder.svg
2306	solid/forward.svg
2307	solid/forward.svg
2308	solid/funnel.svg
2309	solid/funnel.svg
2310	solid/gif.svg
2311	solid/gif.svg
2312	solid/gift-top.svg
2313	solid/gift-top.svg
2314	solid/gift.svg
2315	solid/gift.svg
2316	solid/globe-alt.svg
2317	solid/globe-alt.svg
2318	solid/globe-americas.svg
2319	solid/globe-americas.svg
2320	solid/globe-asia-australia.svg
2321	solid/globe-asia-australia.svg
2322	solid/globe-europe-africa.svg
2323	solid/globe-europe-africa.svg
2324	solid/h1.svg
2325	solid/h1.svg
2326	solid/h2.svg
2327	solid/h2.svg
2328	solid/h3.svg
2329	solid/h3.svg
2330	solid/hand-raised.svg
2331	solid/hand-raised.svg
2332	solid/hand-thumb-down.svg
2333	solid/hand-thumb-down.svg
2334	solid/hand-thumb-up.svg
2335	solid/hand-thumb-up.svg
2336	solid/hashtag.svg
2337	solid/hashtag.svg
2338	solid/heart.svg
2339	solid/heart.svg
2340	solid/home-modern.svg
2341	solid/home-modern.svg
2342	solid/home.svg
2343	solid/home.svg
2344	solid/identification.svg
2345	solid/identification.svg
2346	solid/inbox-arrow-down.svg
2347	solid/inbox-arrow-down.svg
2348	solid/inbox-stack.svg
2349	solid/inbox-stack.svg
2350	solid/inbox.svg
2351	solid/inbox.svg
2352	solid/information-circle.svg
2353	solid/information-circle.svg
2354	solid/italic.svg
2355	solid/italic.svg
2356	solid/key.svg
2357	solid/key.svg
2358	solid/language.svg
2359	solid/language.svg
2360	solid/lifebuoy.svg
2361	solid/lifebuoy.svg
2362	solid/light-bulb.svg
2363	solid/light-bulb.svg
2364	solid/link-slash.svg
2365	solid/link-slash.svg
2366	solid/link.svg
2367	solid/link.svg
2368	solid/list-bullet.svg
2369	solid/list-bullet.svg
2370	solid/lock-closed.svg
2371	solid/lock-closed.svg
2372	solid/lock-open.svg
2373	solid/lock-open.svg
2374	solid/magnifying-glass-circle.svg
2375	solid/magnifying-glass-circle.svg
2376	solid/magnifying-glass-minus.svg
2377	solid/magnifying-glass-minus.svg
2378	solid/magnifying-glass-plus.svg
2379	solid/magnifying-glass-plus.svg
2380	solid/magnifying-glass.svg
2381	solid/magnifying-glass.svg
2382	solid/map-pin.svg
2383	solid/map-pin.svg
2384	solid/map.svg
2385	solid/map.svg
2386	solid/megaphone.svg
2387	solid/megaphone.svg
2388	solid/microphone.svg
2389	solid/microphone.svg
2390	solid/minus-circle.svg
2391	solid/minus-circle.svg
2392	solid/minus-small.svg
2393	solid/minus-small.svg
2394	solid/minus.svg
2395	solid/minus.svg
2396	solid/moon.svg
2397	solid/moon.svg
2398	solid/musical-note.svg
2399	solid/musical-note.svg
2400	solid/newspaper.svg
2401	solid/newspaper.svg
2402	solid/no-symbol.svg
2403	solid/no-symbol.svg
2404	solid/numbered-list.svg
2405	solid/numbered-list.svg
2406	solid/paint-brush.svg
2407	solid/paint-brush.svg
2408	solid/paper-airplane.svg
2409	solid/paper-airplane.svg
2410	solid/paper-clip.svg
2411	solid/paper-clip.svg
2412	solid/pause-circle.svg
2413	solid/pause-circle.svg
2414	solid/pause.svg
2415	solid/pause.svg
2416	solid/pencil-square.svg
2417	solid/pencil-square.svg
2418	solid/pencil.svg
2419	solid/pencil.svg
2420	solid/percent-badge.svg
2421	solid/percent-badge.svg
2422	solid/phone-arrow-down-left.svg
2423	solid/phone-arrow-down-left.svg
2424	solid/phone-arrow-up-right.svg
2425	solid/phone-arrow-up-right.svg
2426	solid/phone-x-mark.svg
2427	solid/phone-x-mark.svg
2428	solid/phone.svg
2429	solid/phone.svg
2430	solid/photo.svg
2431	solid/photo.svg
2432	solid/play-circle.svg
2433	solid/play-circle.svg
2434	solid/play-pause.svg
2435	solid/play-pause.svg
2436	solid/play.svg
2437	solid/play.svg
2438	solid/plus-circle.svg
2439	solid/plus-circle.svg
2440	solid/plus-small.svg
2441	solid/plus-small.svg
2442	solid/plus.svg
2443	solid/plus.svg
2444	solid/power.svg
2445	solid/power.svg
2446	solid/presentation-chart-bar.svg
2447	solid/presentation-chart-bar.svg
2448	solid/presentation-chart-line.svg
2449	solid/presentation-chart-line.svg
2450	solid/printer.svg
2451	solid/printer.svg
2452	solid/puzzle-piece.svg
2453	solid/puzzle-piece.svg
2454	solid/qr-code.svg
2455	solid/qr-code.svg
2456	solid/question-mark-circle.svg
2457	solid/question-mark-circle.svg
2458	solid/queue-list.svg
2459	solid/queue-list.svg
2460	solid/radio.svg
2461	solid/radio.svg
2462	solid/receipt-percent.svg
2463	solid/receipt-percent.svg
2464	solid/receipt-refund.svg
2465	solid/receipt-refund.svg
2466	solid/rectangle-group.svg
2467	solid/rectangle-group.svg
2468	solid/rectangle-stack.svg
2469	solid/rectangle-stack.svg
2470	solid/rocket-launch.svg
2471	solid/rocket-launch.svg
2472	solid/rss.svg
2473	solid/rss.svg
2474	solid/scale.svg
2475	solid/scale.svg
2476	solid/scissors.svg
2477	solid/scissors.svg
2478	solid/server-stack.svg
2479	solid/server-stack.svg
2480	solid/server.svg
2481	solid/server.svg
2482	solid/share.svg
2483	solid/share.svg
2484	solid/shield-check.svg
2485	solid/shield-check.svg
2486	solid/shield-exclamation.svg
2487	solid/shield-exclamation.svg
2488	solid/shopping-bag.svg
2489	solid/shopping-bag.svg
2490	solid/shopping-cart.svg
2491	solid/shopping-cart.svg
2492	solid/signal-slash.svg
2493	solid/signal-slash.svg
2494	solid/signal.svg
2495	solid/signal.svg
2496	solid/slash.svg
2497	solid/slash.svg
2498	solid/sparkles.svg
2499	solid/sparkles.svg
2500	solid/speaker-wave.svg
2501	solid/speaker-wave.svg
2502	solid/speaker-x-mark.svg
2503	solid/speaker-x-mark.svg
2504	solid/square-2-stack.svg
2505	solid/square-2-stack.svg
2506	solid/square-3-stack-3d.svg
2507	solid/square-3-stack-3d.svg
2508	solid/squares-2x2.svg
2509	solid/squares-2x2.svg
2510	solid/squares-plus.svg
2511	solid/squares-plus.svg
2512	solid/star.svg
2513	solid/star.svg
2514	solid/stop-circle.svg
2515	solid/stop-circle.svg
2516	solid/stop.svg
2517	solid/stop.svg
2518	solid/strikethrough.svg
2519	solid/strikethrough.svg
2520	solid/sun.svg
2521	solid/sun.svg
2522	solid/swatch.svg
2523	solid/swatch.svg
2524	solid/table-cells.svg
2525	solid/table-cells.svg
2526	solid/tag.svg
2527	solid/tag.svg
2528	solid/ticket.svg
2529	solid/ticket.svg
2530	solid/trash.svg
2531	solid/trash.svg
2532	solid/trophy.svg
2533	solid/trophy.svg
2534	solid/truck.svg
2535	solid/truck.svg
2536	solid/tv.svg
2537	solid/tv.svg
2538	solid/underline.svg
2539	solid/underline.svg
2540	solid/user-circle.svg
2541	solid/user-circle.svg
2542	solid/user-group.svg
2543	solid/user-group.svg
2544	solid/user-minus.svg
2545	solid/user-minus.svg
2546	solid/user-plus.svg
2547	solid/user-plus.svg
2548	solid/user.svg
2549	solid/user.svg
2550	solid/users.svg
2551	solid/users.svg
2552	solid/variable.svg
2553	solid/variable.svg
2554	solid/video-camera-slash.svg
2555	solid/video-camera-slash.svg
2556	solid/video-camera.svg
2557	solid/video-camera.svg
2558	solid/view-columns.svg
2559	solid/view-columns.svg
2560	solid/viewfinder-circle.svg
2561	solid/viewfinder-circle.svg
2562	solid/wallet.svg
2563	solid/wallet.svg
2564	solid/wifi.svg
2565	solid/wifi.svg
2566	solid/window.svg
2567	solid/window.svg
2568	solid/wrench-screwdriver.svg
2569	solid/wrench-screwdriver.svg
2570	solid/wrench.svg
2571	solid/wrench.svg
2572	solid/x-circle.svg
2573	solid/x-circle.svg
2574	solid/x-mark.svg
2575	solid/x-mark.svg
